[    3041ms] [WARNING] <meta name="apple-mobile-web-app-capable" content="yes"> is deprecated. Please include <meta name="mobile-web-app-capable" content="yes"> @ https://accounts.feishu.cn/accounts/page/login?app_id=2&no_trap=1&query_scope=all&redirect_uri=https%3A%2F%2Facnjfori5tsj.feishu.cn%2Fsheets%2FK3BqsQiBEhBEY7trBBvcWdyOnSB%3Ffrom%3Dfrom_copylink%26login_redirect_times%3D1:0
[   20768ms] [WARNING] A parser-blocking, cross site (i.e. different eTLD+1) script, https://lf-package-cn.feishucdn.com/obj/feishu-static/ccm-vmok/web/lang/zh-CN.048ff46fbef8bed1.js, is invoked via document.write. The network request for this script MAY be blocked by the browser in this or a future page load due to poor network connectivity. If blocked in this page load, it will be confirmed in a subsequent console message. See https://www.chromestatus.com/feature/5718547946799104 for more details. @ https://acnjfori5tsj.feishu.cn/sheets/K3BqsQiBEhBEY7trBBvcWdyOnSB?from=from_copylink:0
[   20768ms] [WARNING] A parser-blocking, cross site (i.e. different eTLD+1) script, https://lf-package-cn.feishucdn.com/obj/feishu-static/ccm-vmok/web/lang/zh-CN.048ff46fbef8bed1.js, is invoked via document.write. The network request for this script MAY be blocked by the browser in this or a future page load due to poor network connectivity. If blocked in this page load, it will be confirmed in a subsequent console message. See https://www.chromestatus.com/feature/5718547946799104 for more details. @ https://acnjfori5tsj.feishu.cn/sheets/K3BqsQiBEhBEY7trBBvcWdyOnSB?from=from_copylink:0
[   20768ms] [WARNING] A parser-blocking, cross site (i.e. different eTLD+1) script, https://lf-package-cn.feishucdn.com/obj/feishu-static/eesz/bear/sheet/module/ee/bear_web/sheet/1.1.3.1536/lang/zh-CN.js, is invoked via document.write. The network request for this script MAY be blocked by the browser in this or a future page load due to poor network connectivity. If blocked in this page load, it will be confirmed in a subsequent console message. See https://www.chromestatus.com/feature/5718547946799104 for more details. @ https://acnjfori5tsj.feishu.cn/sheets/K3BqsQiBEhBEY7trBBvcWdyOnSB?from=from_copylink:0
[   24829ms] [WARNING] tt-i18n: cannot valid i18n mapping for text smartable.reminder.day_of_event @ https://lf-package-cn.feishucdn.com/obj/feishu-static/eesz/bear/sheet/module/vsh_867.92e83f43.chunk.worker.js:72
[   24829ms] [WARNING] tt-i18n: cannot valid i18n mapping for text smartable.reminder.1_day_before @ https://lf-package-cn.feishucdn.com/obj/feishu-static/eesz/bear/sheet/module/vsh_867.92e83f43.chunk.worker.js:72
[   24829ms] [WARNING] tt-i18n: cannot valid i18n mapping for text smartable.reminder.2_day_before @ https://lf-package-cn.feishucdn.com/obj/feishu-static/eesz/bear/sheet/module/vsh_867.92e83f43.chunk.worker.js:72
[   24829ms] [WARNING] tt-i18n: cannot valid i18n mapping for text smartable.reminder.1_week_before @ https://lf-package-cn.feishucdn.com/obj/feishu-static/eesz/bear/sheet/module/vsh_867.92e83f43.chunk.worker.js:72
[   24829ms] [WARNING] tt-i18n: cannot valid i18n mapping for text smartable.reminder.at_time_of_event @ https://lf-package-cn.feishucdn.com/obj/feishu-static/eesz/bear/sheet/module/vsh_867.92e83f43.chunk.worker.js:72
[   24829ms] [WARNING] tt-i18n: cannot valid i18n mapping for text smartable.reminder.remind_before_min @ https://lf-package-cn.feishucdn.com/obj/feishu-static/eesz/bear/sheet/module/vsh_867.92e83f43.chunk.worker.js:72
[   24829ms] [WARNING] tt-i18n: cannot valid i18n mapping for text smartable.reminder.remind_before_min @ https://lf-package-cn.feishucdn.com/obj/feishu-static/eesz/bear/sheet/module/vsh_867.92e83f43.chunk.worker.js:72
[   24829ms] [WARNING] tt-i18n: cannot valid i18n mapping for text smartable.reminder.remind_before_min @ https://lf-package-cn.feishucdn.com/obj/feishu-static/eesz/bear/sheet/module/vsh_867.92e83f43.chunk.worker.js:72
[   24829ms] [WARNING] tt-i18n: cannot valid i18n mapping for text smartable.reminder.1_hour_before @ https://lf-package-cn.feishucdn.com/obj/feishu-static/eesz/bear/sheet/module/vsh_867.92e83f43.chunk.worker.js:72
[   24829ms] [WARNING] tt-i18n: cannot valid i18n mapping for text smartable.reminder.remind_before_hour @ https://lf-package-cn.feishucdn.com/obj/feishu-static/eesz/bear/sheet/module/vsh_867.92e83f43.chunk.worker.js:72
[   24829ms] [WARNING] tt-i18n: cannot valid i18n mapping for text reminder.popover.beforeDay @ https://lf-package-cn.feishucdn.com/obj/feishu-static/eesz/bear/sheet/module/vsh_867.92e83f43.chunk.worker.js:72
[   24829ms] [WARNING] tt-i18n: cannot valid i18n mapping for text reminder.popover.beforeDay @ https://lf-package-cn.feishucdn.com/obj/feishu-static/eesz/bear/sheet/module/vsh_867.92e83f43.chunk.worker.js:72
[   24829ms] [WARNING] tt-i18n: cannot valid i18n mapping for text reminder.popover.beforeWeek @ https://lf-package-cn.feishucdn.com/obj/feishu-static/eesz/bear/sheet/module/vsh_867.92e83f43.chunk.worker.js:72
[   24852ms] [WARNING] tt-i18n: cannot valid i18n mapping for text LarkCCM_Sheets_Currency_CurrencyName_CNY @ https://lf-package-cn.feishucdn.com/obj/feishu-static/eesz/bear/sheet/module/vsh_867.92e83f43.chunk.worker.js:72
[   24852ms] [WARNING] tt-i18n: cannot valid i18n mapping for text LarkCCM_Sheets_Currency_CurrencyName_USD @ https://lf-package-cn.feishucdn.com/obj/feishu-static/eesz/bear/sheet/module/vsh_867.92e83f43.chunk.worker.js:72
[   24852ms] [WARNING] tt-i18n: cannot valid i18n mapping for text LarkCCM_Sheets_Currency_CurrencyName_EUR @ https://lf-package-cn.feishucdn.com/obj/feishu-static/eesz/bear/sheet/module/vsh_867.92e83f43.chunk.worker.js:72
[   24852ms] [WARNING] tt-i18n: cannot valid i18n mapping for text LarkCCM_Sheets_Currency_CurrencyName_GBP @ https://lf-package-cn.feishucdn.com/obj/feishu-static/eesz/bear/sheet/module/vsh_867.92e83f43.chunk.worker.js:72
[   24852ms] [WARNING] tt-i18n: cannot valid i18n mapping for text LarkCCM_Sheets_Currency_CurrencyName_JPY @ https://lf-package-cn.feishucdn.com/obj/feishu-static/eesz/bear/sheet/module/vsh_867.92e83f43.chunk.worker.js:72
[   24852ms] [WARNING] tt-i18n: cannot valid i18n mapping for text LarkCCM_Sheets_Currency_CurrencyName_AUD @ https://lf-package-cn.feishucdn.com/obj/feishu-static/eesz/bear/sheet/module/vsh_867.92e83f43.chunk.worker.js:72
[   24852ms] [WARNING] tt-i18n: cannot valid i18n mapping for text LarkCCM_Sheets_Currency_CurrencyName_CAD @ https://lf-package-cn.feishucdn.com/obj/feishu-static/eesz/bear/sheet/module/vsh_867.92e83f43.chunk.worker.js:72
[   24853ms] [WARNING] tt-i18n: cannot valid i18n mapping for text LarkCCM_Sheets_Currency_CurrencyName_CHF @ https://lf-package-cn.feishucdn.com/obj/feishu-static/eesz/bear/sheet/module/vsh_867.92e83f43.chunk.worker.js:72
[   24853ms] [WARNING] tt-i18n: cannot valid i18n mapping for text LarkCCM_Sheets_Currency_CurrencyName_HKD @ https://lf-package-cn.feishucdn.com/obj/feishu-static/eesz/bear/sheet/module/vsh_867.92e83f43.chunk.worker.js:72
[   24853ms] [WARNING] tt-i18n: cannot valid i18n mapping for text LarkCCM_Sheets_Currency_CurrencyName_SGD @ https://lf-package-cn.feishucdn.com/obj/feishu-static/eesz/bear/sheet/module/vsh_867.92e83f43.chunk.worker.js:72
[   24853ms] [WARNING] tt-i18n: cannot valid i18n mapping for text LarkCCM_Sheets_Currency_CurrencyName_SEK @ https://lf-package-cn.feishucdn.com/obj/feishu-static/eesz/bear/sheet/module/vsh_867.92e83f43.chunk.worker.js:72
[   24853ms] [WARNING] tt-i18n: cannot valid i18n mapping for text LarkCCM_Sheets_Currency_CurrencyName_KRW @ https://lf-package-cn.feishucdn.com/obj/feishu-static/eesz/bear/sheet/module/vsh_867.92e83f43.chunk.worker.js:72
[   24853ms] [WARNING] tt-i18n: cannot valid i18n mapping for text LarkCCM_Sheets_Currency_CurrencyName_NOK @ https://lf-package-cn.feishucdn.com/obj/feishu-static/eesz/bear/sheet/module/vsh_867.92e83f43.chunk.worker.js:72
[   24853ms] [WARNING] tt-i18n: cannot valid i18n mapping for text LarkCCM_Sheets_Currency_CurrencyName_NZD @ https://lf-package-cn.feishucdn.com/obj/feishu-static/eesz/bear/sheet/module/vsh_867.92e83f43.chunk.worker.js:72
[   24853ms] [WARNING] tt-i18n: cannot valid i18n mapping for text LarkCCM_Sheets_Currency_CurrencyName_INR @ https://lf-package-cn.feishucdn.com/obj/feishu-static/eesz/bear/sheet/module/vsh_867.92e83f43.chunk.worker.js:72
[   24853ms] [WARNING] tt-i18n: cannot valid i18n mapping for text LarkCCM_Sheets_Currency_CurrencyName_MXN @ https://lf-package-cn.feishucdn.com/obj/feishu-static/eesz/bear/sheet/module/vsh_867.92e83f43.chunk.worker.js:72
[   24853ms] [WARNING] tt-i18n: cannot valid i18n mapping for text LarkCCM_Sheets_Currency_CurrencyName_TWD @ https://lf-package-cn.feishucdn.com/obj/feishu-static/eesz/bear/sheet/module/vsh_867.92e83f43.chunk.worker.js:72
[   24853ms] [WARNING] tt-i18n: cannot valid i18n mapping for text LarkCCM_Sheets_Currency_CurrencyName_ZAR @ https://lf-package-cn.feishucdn.com/obj/feishu-static/eesz/bear/sheet/module/vsh_867.92e83f43.chunk.worker.js:72
[   24853ms] [WARNING] tt-i18n: cannot valid i18n mapping for text LarkCCM_Sheets_Currency_CurrencyName_BRL @ https://lf-package-cn.feishucdn.com/obj/feishu-static/eesz/bear/sheet/module/vsh_867.92e83f43.chunk.worker.js:72
[   24853ms] [WARNING] tt-i18n: cannot valid i18n mapping for text LarkCCM_Sheets_Currency_CurrencyName_DKK @ https://lf-package-cn.feishucdn.com/obj/feishu-static/eesz/bear/sheet/module/vsh_867.92e83f43.chunk.worker.js:72
[   24853ms] [WARNING] tt-i18n: cannot valid i18n mapping for text LarkCCM_Sheets_Currency_CurrencyName_PLN @ https://lf-package-cn.feishucdn.com/obj/feishu-static/eesz/bear/sheet/module/vsh_867.92e83f43.chunk.worker.js:72
[   24853ms] [WARNING] tt-i18n: cannot valid i18n mapping for text LarkCCM_Sheets_Currency_CurrencyName_THB @ https://lf-package-cn.feishucdn.com/obj/feishu-static/eesz/bear/sheet/module/vsh_867.92e83f43.chunk.worker.js:72
[   24853ms] [WARNING] tt-i18n: cannot valid i18n mapping for text LarkCCM_Sheets_Currency_CurrencyName_ILS @ https://lf-package-cn.feishucdn.com/obj/feishu-static/eesz/bear/sheet/module/vsh_867.92e83f43.chunk.worker.js:72
[   24853ms] [WARNING] tt-i18n: cannot valid i18n mapping for text LarkCCM_Sheets_Currency_CurrencyName_IDR @ https://lf-package-cn.feishucdn.com/obj/feishu-static/eesz/bear/sheet/module/vsh_867.92e83f43.chunk.worker.js:72
[   24853ms] [WARNING] tt-i18n: cannot valid i18n mapping for text LarkCCM_Sheets_Currency_CurrencyName_CZK @ https://lf-package-cn.feishucdn.com/obj/feishu-static/eesz/bear/sheet/module/vsh_867.92e83f43.chunk.worker.js:72
[   24854ms] [WARNING] tt-i18n: cannot valid i18n mapping for text LarkCCM_Sheets_Currency_CurrencyName_AED @ https://lf-package-cn.feishucdn.com/obj/feishu-static/eesz/bear/sheet/module/vsh_867.92e83f43.chunk.worker.js:72
[   24854ms] [WARNING] tt-i18n: cannot valid i18n mapping for text LarkCCM_Sheets_Currency_CurrencyName_TRY @ https://lf-package-cn.feishucdn.com/obj/feishu-static/eesz/bear/sheet/module/vsh_867.92e83f43.chunk.worker.js:72
[   24854ms] [WARNING] tt-i18n: cannot valid i18n mapping for text LarkCCM_Sheets_Currency_CurrencyName_HUF @ https://lf-package-cn.feishucdn.com/obj/feishu-static/eesz/bear/sheet/module/vsh_867.92e83f43.chunk.worker.js:72
[   24854ms] [WARNING] tt-i18n: cannot valid i18n mapping for text LarkCCM_Sheets_Currency_CurrencyName_CLP @ https://lf-package-cn.feishucdn.com/obj/feishu-static/eesz/bear/sheet/module/vsh_867.92e83f43.chunk.worker.js:72
[   24854ms] [WARNING] tt-i18n: cannot valid i18n mapping for text LarkCCM_Sheets_Currency_CurrencyName_SAR @ https://lf-package-cn.feishucdn.com/obj/feishu-static/eesz/bear/sheet/module/vsh_867.92e83f43.chunk.worker.js:72
[   24854ms] [WARNING] tt-i18n: cannot valid i18n mapping for text LarkCCM_Sheets_Currency_CurrencyName_PHP @ https://lf-package-cn.feishucdn.com/obj/feishu-static/eesz/bear/sheet/module/vsh_867.92e83f43.chunk.worker.js:72
[   24854ms] [WARNING] tt-i18n: cannot valid i18n mapping for text LarkCCM_Sheets_Currency_CurrencyName_MYR @ https://lf-package-cn.feishucdn.com/obj/feishu-static/eesz/bear/sheet/module/vsh_867.92e83f43.chunk.worker.js:72
[   24854ms] [WARNING] tt-i18n: cannot valid i18n mapping for text LarkCCM_Sheets_Currency_CurrencyName_COP @ https://lf-package-cn.feishucdn.com/obj/feishu-static/eesz/bear/sheet/module/vsh_867.92e83f43.chunk.worker.js:72
[   24854ms] [WARNING] tt-i18n: cannot valid i18n mapping for text LarkCCM_Sheets_Currency_CurrencyName_RUB @ https://lf-package-cn.feishucdn.com/obj/feishu-static/eesz/bear/sheet/module/vsh_867.92e83f43.chunk.worker.js:72
[   24854ms] [WARNING] tt-i18n: cannot valid i18n mapping for text LarkCCM_Sheets_Currency_CurrencyName_RON @ https://lf-package-cn.feishucdn.com/obj/feishu-static/eesz/bear/sheet/module/vsh_867.92e83f43.chunk.worker.js:72
[   24854ms] [WARNING] tt-i18n: cannot valid i18n mapping for text LarkCCM_Sheets_Currency_CurrencyName_VND @ https://lf-package-cn.feishucdn.com/obj/feishu-static/eesz/bear/sheet/module/vsh_867.92e83f43.chunk.worker.js:72
[   24854ms] [WARNING] tt-i18n: cannot valid i18n mapping for text LarkCCM_Sheets_Currency_CurrencyName_MOP @ https://lf-package-cn.feishucdn.com/obj/feishu-static/eesz/bear/sheet/module/vsh_867.92e83f43.chunk.worker.js:72
[   24854ms] [WARNING] tt-i18n: cannot valid i18n mapping for text LarkCCM_Sheets_Currency_CurrencyName_NPR @ https://lf-package-cn.feishucdn.com/obj/feishu-static/eesz/bear/sheet/module/vsh_867.92e83f43.chunk.worker.js:72
[   24854ms] [WARNING] tt-i18n: cannot valid i18n mapping for text LarkCCM_Sheets_Currency_CurrencyName_BDT @ https://lf-package-cn.feishucdn.com/obj/feishu-static/eesz/bear/sheet/module/vsh_867.92e83f43.chunk.worker.js:72
[   24856ms] [WARNING] the optional services which FormulaMergeService plugin needed were not injected. [base/tracker] @ https://lf-package-cn.feishucdn.com/obj/feishu-static/eesz/bear/sheet/module/vsh_867.92e83f43.chunk.worker.js:66
[   28442ms] [ERROR] chatbox not show @ https://lf-package-cn.feishucdn.com/obj/feishu-static/eesz/bear/sheet/module/vsh_7556.a865a044.chunk.js:8
