[     125ms] [ERROR] Failed to load resource: the server responded with a status of 403 () @ https://zhuanlan.zhihu.com/p/2019537366205908314:0
[    2862ms] [ERROR] Access to XMLHttpRequest at 'https://118.89.204.198/resolv?host=www.zhihu.com&os_type=web' from origin 'https://zhuanlan.zhihu.com' has been blocked by CORS policy: No 'Access-Control-Allow-Origin' header is present on the requested resource. @ https://zhuanlan.zhihu.com/p/2019537366205908314:0
[    2862ms] [ERROR] Failed to load resource: net::ERR_FAILED @ https://118.89.204.198/resolv?host=www.zhihu.com&os_type=web:0
[    3004ms] [ERROR] Mixed Content: The page at 'https://zhuanlan.zhihu.com/p/2019537366205908314' was loaded over HTTPS, but requested an insecure resource 'http://local.adspower.net:50325/'. This request has been blocked; the content must be served over HTTPS. @ https://unpkg.zhimg.com/@cfe/sentry-script@1.3.1/dist/init.js:0
[    3051ms] [ERROR] Failed to load resource: net::ERR_CONNECTION_REFUSED @ http://127.0.0.1:54345/:0
[    3053ms] [ERROR] Failed to load resource: net::ERR_CONNECTION_REFUSED @ http://localhost:50213/status:0
[    3055ms] [ERROR] Failed to load resource: net::ERR_CONNECTION_REFUSED @ http://127.0.0.1:40000/:0
[    3056ms] [ERROR] Failed to load resource: net::ERR_CONNECTION_REFUSED @ http://127.0.0.1:35000/:0
[    3676ms] [WARNING] MMKV not available, fallback @ https://unpkg.zhimg.com/@cfe/sentry-script@1.3.1/dist/init.js:0
[    3778ms] [ERROR] 加载WebView模块失败: TypeError: r is not a function
    at Object.RCqe (https://static.zhihu.com/amadeus-rn/web/shared-9360ce30d891ac63.7cb70481e5a9e83b.js:1:1202)
    at r (https://zhida.zhihu.com/appview/rn/ModuleFederation.js:1:248)
    at Module.arme (https://static.zhihu.com/amadeus-rn/web/shared-9360ce30d891ac63.7cb70481e5a9e83b.js:1:1049)
    at r (https://zhida.zhihu.com/appview/rn/ModuleFederation.js:1:248)
    at 0Qfx (https://static.zhihu.com/amadeus-rn/web/shared-9360ce30d891ac63.7cb70481e5a9e83b.js:1:3164)
    at r (https://zhida.zhihu.com/appview/rn/ModuleFederation.js:1:248)
    at ok/i (https://static.zhihu.com/amadeus-rn/web/shared-9360ce30d891ac63.7cb70481e5a9e83b.js:1:10115)
    at r (https://zhida.zhihu.com/appview/rn/ModuleFederation.js:1:248)
    at Module.RcoR (https://static.zhihu.com/amadeus-rn/web/shared-9360ce30d891ac63.7cb70481e5a9e83b.js:1:20344)
    at r (https://zhida.zhihu.com/appview/rn/ModuleFederation.js:1:248)
    at I/Yi (https://static.zhihu.com/amadeus-rn/web/shared-9360ce30d891ac63.7cb70481e5a9e83b.js:1:57580)
    at r (https://zhida.zhihu.com/appview/rn/ModuleFederation.js:1:248)
    at Module.TrWo (https://static.zhihu.com/amadeus-rn/web/shared-ff99344309100b14.f9970095539e15fd.js:1:128765)
    at r (https://zhida.zhihu.com/appview/rn/ModuleFederation.js:1:248)
    at Module.VA61 (https://static.zhihu.com/amadeus-rn/web/shared-ff99344309100b14.f9970095539e15fd.js:1:102985)
    at r (https://zhida.zhihu.com/appview/rn/ModuleFederation.js:1:248)
    at Module.gdiQ (https://static.zhihu.com/amadeus-rn/web/shared-ff99344309100b14.f9970095539e15fd.js:1:103780)
    at r (https://zhida.zhihu.com/appview/rn/ModuleFederation.js:1:248)
    at Module.gC97 (https://static.zhihu.com/amadeus-rn/web/shared-ff99344309100b14.f9970095539e15fd.js:1:142163)
    at r (https://zhida.zhihu.com/appview/rn/ModuleFederation.js:1:248)
    at Module.l0DU (https://static.zhihu.com/amadeus-rn/web/shared-ff99344309100b14.f9970095539e15fd.js:1:144368)
    at r (https://zhida.zhihu.com/appview/rn/ModuleFederation.js:1:248)
    at Module.tjgw (https://static.zhihu.com/amadeus-rn/web/shared-298c47547c387857.89a03b4b9bf54fb2.js:1:31973)
    at r (https://zhida.zhihu.com/appview/rn/ModuleFederation.js:1:248)
    at Module.IQ9y (https://static.zhihu.com/amadeus-rn/web/pages_ZhidaPage_webPages_AIPanel_index_tsx.dcb592df147de5b6.js:1:445)
    at r (https://zhida.zhihu.com/appview/rn/ModuleFederation.js:1:248)
    at https://zhida.zhihu.com/appview/rn/ModuleFederation.js:1:14520
    at https://static.zhihu.com/heifetz/lib-fae4f1f9.app.2a53c780e75bf169b2e0.js:1:5248
    at ep (https://static.zhihu.com/heifetz/7093.app.5e693717ce8b41d99675.js:91:370693)
    at Object.next (https://static.zhihu.com/heifetz/7093.app.5e693717ce8b41d99675.js:91:369899)
    at eu (https://static.zhihu.com/heifetz/7093.app.5e693717ce8b41d99675.js:91:90567)
    at eh (https://static.zhihu.com/heifetz/7093.app.5e693717ce8b41d99675.js:91:90788) @ https://unpkg.zhimg.com/@cfe/sentry-script@1.3.1/dist/init.js:0
